Usage: algorun [OPTIONS] COMMAND [ARGS]...

  ░█████╗░██╗░░░░░░██████╗░░█████╗░██████╗░░█████╗░███╗░░██╗██████╗░
  ██╔══██╗██║░░░░░██╔════╝░██╔══██╗██╔══██╗██╔══██╗████╗░██║██╔══██╗
  ███████║██║░░░░░██║░░██╗░██║░░██║██████╔╝███████║██╔██╗██║██║░░██║
  ██╔══██║██║░░░░░██║░░╚██╗██║░░██║██╔══██╗██╔══██║██║╚████║██║░░██║
  ██║░░██║███████╗╚██████╔╝╚█████╔╝██║░░██║██║░░██║██║░╚███║██████╔╝
  ╚═╝░░╚═╝╚══════╝░╚═════╝░░╚════╝░╚═╝░░╚═╝╚═╝░░╚═╝╚═╝░░╚══╝╚═════╝░

Options:
  --version             Show the version and exit.
  -v, --verbose         Enable logging of DEBUG messages to the console.
  --color / --no-color  Force enable or disable of console output styling.
  --skip-version-check  Skip version checking and prompting.
  -h, --help            Show this message and exit.

Commands:
  bootstrap  Bootstrap local dependencies in an algorun project; run from project root directory.
  goal   Run the Algorand goal CLI against your mainnet node.
  start  Start your Algorand mainnet node
  stop   Stop your Algorand mainnet node
