DEBUG: 1234.56.78 found in cache {app_state}/last-version-check
You are using Algorun version {current_version}, however version 1234.56.78 is available.
DEBUG: No .algorun.toml file found in the project directory.
