DEBUG: Version prompt disabled
DEBUG: No .algorun.toml file found in the project directory.
